[2m2026-03-17T08:20:46.529931Z[0m [32m INFO[0m [2mservice_mango_execution_engine[0m[2m:[0m execution engine HTTP listening on 127.0.0.1:9093
[2m2026-03-17T08:20:46.530002Z[0m [32m INFO[0m [2mservice_mango_execution_engine[0m[2m:[0m execution engine gRPC listening on 127.0.0.1:9090, program_id=7ftfLAYEtDrz8xjhaqa6wUYMrjrmbZ3tjw7J7Rb3QA37, ctm=4zDJ8FiJu7A3ZHjCwdKF2JPyLYheFRpGVvCvHS32XnhM, payer=4zDJ8FiJu7A3ZHjCwdKF2JPyLYheFRpGVvCvHS32XnhM
[2m2026-03-17T08:20:46.530050Z[0m [32m INFO[0m [2mservice_mango_execution_engine[0m[2m:[0m execution engine executor enabled for group=ETeadYXpyxEP4icqfUzwKaXdmLoh6AurpBJzsF9RbW5P, queue=Bm2zdLqzrBAuT8ZnmUCv94cv1VmVRmB9KfKM3FeSzacZ, max_items=32, interval_ms=25, busy_interval_ms=1, head_lock_ms=5, match_head_only=true, safe_speculative=true
[2m2026-03-17T08:20:46.530104Z[0m [32m INFO[0m [1mServer::run[0m[1m{[0m[3maddr[0m[2m=[0m127.0.0.1:9093[1m}[0m[2m:[0m [2mwarp::server[0m[2m:[0m listening on http://127.0.0.1:9093
[2m2026-03-17T08:21:13.067216Z[0m [34mDEBUG[0m [2mservice_mango_execution_engine[0m[2m:[0m executor registered lane name=dynamic-0-0 hash=e2ffd4971606f19b771545acdabe1a15cad0f2258e24fc4effb1ff546454a3d9 total_lanes=2
[2m2026-03-17T08:21:13.067262Z[0m [34mDEBUG[0m [2mservice_mango_execution_engine[0m[2m:[0m executor registered lane name=dynamic-0-0-legacy hash=e2ffd4971606f19b771545acdabe1a15cad0f2258e24fc4effb1ff546454a3d9 total_lanes=2
[2m2026-03-17T08:21:13.223380Z[0m [34mDEBUG[0m [2mservice_mango_execution_engine[0m[2m:[0m executor registered lane name=dynamic-0-1 hash=d191ec81d18001a1556d16983d2734614c486f4d842595832069c20123bf08dd total_lanes=2
[2m2026-03-17T08:21:13.223419Z[0m [34mDEBUG[0m [2mservice_mango_execution_engine[0m[2m:[0m executor registered lane name=dynamic-0-1-legacy hash=d191ec81d18001a1556d16983d2734614c486f4d842595832069c20123bf08dd total_lanes=2
[2m2026-03-17T08:21:13.906434Z[0m [32m INFO[0m [2mservice_mango_execution_engine[0m[2m:[0m executor sent multi-lane lanes=1 sequence=0 queue_count=2 tx=4tP3KycHPE7Sjhz4R5URWgRzUVgbaWobdbyNX4YeJqNtZWdVtxHFwLroVHW2pEnk93dCRhcq2AS6MLFbepriVDRN
[2m2026-03-17T08:21:14.010107Z[0m [32m INFO[0m [2mservice_mango_execution_engine[0m[2m:[0m executor sent multi-lane lanes=1 sequence=0 queue_count=2 tx=2o18aA6WFjg3M94YrJmuzML7YhrjKoVK8MZXEQw3gE85BTFNTG4D58w3ppM3F3GwPgEAZzyMSoNwrz6Z2rYUhC7F
[2m2026-03-17T08:21:14.112690Z[0m [32m INFO[0m [2mservice_mango_execution_engine[0m[2m:[0m executor sent multi-lane lanes=1 sequence=0 queue_count=2 tx=cMpHkhGx4FfcX76v1fCKvUSR49THpYnoTQHMiyMwfhdqdTjbT8JxJQiNmvPjftU6cALn6XUpeW4xxZFsFQLiZTn
[2m2026-03-17T08:21:14.225288Z[0m [32m INFO[0m [2mservice_mango_execution_engine[0m[2m:[0m executor sent multi-lane lanes=1 sequence=0 queue_count=2 tx=T2Ggq4hK1omBPicpgAnzJ4TJXqKYabeYhZQ2CuuLEK9FjU32t3mU64vFWzp5FjJvnv4Rdma8swz8jpZ7tahQwJP
[2m2026-03-17T08:21:14.443198Z[0m [32m INFO[0m [2mservice_mango_execution_engine[0m[2m:[0m executor sent multi-lane lanes=1 sequence=0 queue_count=2 tx=3EeJVZbtXqkUFomLr8x8UZMmN9gcQ8DjcmuWxYYUhGjVtdXPeHjrgCidbFbxTLeneD66JTs4mSPwoMoEqbAdqYfx
[2m2026-03-17T08:21:14.563542Z[0m [32m INFO[0m [2mservice_mango_execution_engine[0m[2m:[0m executor sent multi-lane lanes=1 sequence=0 queue_count=2 tx=KEAzmWSAVF2CYNuQsQ9AyWFNQxqSLiFzxsJwdDDFfkfktRnh7bTSoMLF9zhzGvniHmk88b7gn8dry84SUw3dMRD
[2m2026-03-17T08:21:14.673427Z[0m [32m INFO[0m [2mservice_mango_execution_engine[0m[2m:[0m executor sent multi-lane lanes=1 sequence=0 queue_count=2 tx=3tUxuoEVi2Qi39TpjZqheEaDeTudQAUTTiBpwGFRp8qQ5mCKAMrm4WW9eRMgjZfD3nuZrXjRqndhm3QBr5FP4VJe
[2m2026-03-17T08:21:14.783827Z[0m [32m INFO[0m [2mservice_mango_execution_engine[0m[2m:[0m executor sent multi-lane lanes=1 sequence=0 queue_count=2 tx=61QA555ZBMYdJKBA7QUE5D1F39Mnss9HwXYYsLNY3XUCjaAqSEgap8jY9d9cFZy2tyo5FuiBB7vTk917Wgj8Rm65
[2m2026-03-17T08:21:14.996179Z[0m [32m INFO[0m [2mservice_mango_execution_engine[0m[2m:[0m executor sent multi-lane lanes=1 sequence=1 queue_count=1 tx=2YrNZSo9CWxX3YJuZRxYpqXemfEqv1RDqRM92Qv4EgQejhm5Cp26yFhFEvDozrqEAWKptQoAx9kCYrVouThHpHDx
[2m2026-03-17T08:21:15.128537Z[0m [32m INFO[0m [2mservice_mango_execution_engine[0m[2m:[0m executor sent multi-lane lanes=1 sequence=1 queue_count=1 tx=2N82WU9W3zYHW8qNsciK3zF8EPvbJe5G5n4sGaFqoYWjbWZMyMPjfsZp4ZTeWz1fXnB3Pt2YqQyaZGvtWXjBjDuR
[2m2026-03-17T08:21:15.237247Z[0m [32m INFO[0m [2mservice_mango_execution_engine[0m[2m:[0m executor sent multi-lane lanes=1 sequence=1 queue_count=1 tx=2JY1CuPgP3iDay6JW9TbiLcddeTYKcsbJKWQn6mjbWRuKzS6dMjwSb73ECaR43BMxD8naCK5V3QJpE6k33JrmFJY
[2m2026-03-17T08:21:15.354203Z[0m [32m INFO[0m [2mservice_mango_execution_engine[0m[2m:[0m executor sent multi-lane lanes=1 sequence=1 queue_count=1 tx=5As3Y9t32wavBtUEJcuKBnwmSvoG8ihurQWxj5Ufnu2Pm2kqsCsy4iX8z24anDfhJA63ju5y7rDmo9HYDjnMGimK
[2m2026-03-17T08:21:21.072823Z[0m [34mDEBUG[0m [2mservice_mango_execution_engine[0m[2m:[0m executor registered lane name=dynamic-0-2 hash=e2ffd4971606f19b771545acdabe1a15cad0f2258e24fc4effb1ff546454a3d9 total_lanes=2
[2m2026-03-17T08:21:21.072867Z[0m [34mDEBUG[0m [2mservice_mango_execution_engine[0m[2m:[0m executor registered lane name=dynamic-0-2-legacy hash=e2ffd4971606f19b771545acdabe1a15cad0f2258e24fc4effb1ff546454a3d9 total_lanes=2
[2m2026-03-17T08:21:21.139151Z[0m [34mDEBUG[0m [2mservice_mango_execution_engine[0m[2m:[0m executor registered lane name=dynamic-0-3 hash=d191ec81d18001a1556d16983d2734614c486f4d842595832069c20123bf08dd total_lanes=2
[2m2026-03-17T08:21:21.139193Z[0m [34mDEBUG[0m [2mservice_mango_execution_engine[0m[2m:[0m executor registered lane name=dynamic-0-3-legacy hash=d191ec81d18001a1556d16983d2734614c486f4d842595832069c20123bf08dd total_lanes=2
[2m2026-03-17T08:21:21.556405Z[0m [34mDEBUG[0m [2mservice_mango_execution_engine[0m[2m:[0m executor head hash unavailable: queue_count=2 next_sequence=1 max_seen_sequence=3 reason=ctm_gap_or_empty_slot ctm_count=2 liquidity_count=0 ctm_sequence=0 ctm_kind=0 ctm_status=0 fallback=gap_speculative lanes=2
[2m2026-03-17T08:21:21.556469Z[0m [32m INFO[0m [2mservice_mango_execution_engine[0m[2m:[0m executor multi-lane eligible_lanes=2 unique_hashes=2
[2m2026-03-17T08:21:21.594029Z[0m [32m INFO[0m [2mservice_mango_execution_engine[0m[2m:[0m executor sent multi-lane lanes=2 sequence=1 queue_count=2 tx=34CbNbvEwk1AuqnDSJKYkUUFtqchpq3N81LD7sa232k3eZMjHJyLrHv9oALbscT6hcFmYbXxs62Qpwhvee8pZ5Fu
[2m2026-03-17T08:21:21.596357Z[0m [34mDEBUG[0m [2mservice_mango_execution_engine[0m[2m:[0m executor head hash unavailable: queue_count=2 next_sequence=1 max_seen_sequence=3 reason=ctm_gap_or_empty_slot ctm_count=2 liquidity_count=0 ctm_sequence=0 ctm_kind=0 ctm_status=0 fallback=gap_speculative lanes=2
[2m2026-03-17T08:21:21.596403Z[0m [32m INFO[0m [2mservice_mango_execution_engine[0m[2m:[0m executor multi-lane eligible_lanes=2 unique_hashes=2
[2m2026-03-17T08:21:21.629686Z[0m [32m INFO[0m [2mservice_mango_execution_engine[0m[2m:[0m executor sent multi-lane lanes=2 sequence=1 queue_count=2 tx=42F3QD2dRtRhgyrzWGfi41YBG8YHgrCT1nTvXzfUYspppmDqwfD4xNArrHynsQ7aozXX8tdCWg5HivvNTbN6R2n9
[2m2026-03-17T08:21:21.632053Z[0m [34mDEBUG[0m [2mservice_mango_execution_engine[0m[2m:[0m executor head hash unavailable: queue_count=2 next_sequence=1 max_seen_sequence=3 reason=ctm_gap_or_empty_slot ctm_count=2 liquidity_count=0 ctm_sequence=0 ctm_kind=0 ctm_status=0 fallback=gap_speculative lanes=2
[2m2026-03-17T08:21:21.632091Z[0m [32m INFO[0m [2mservice_mango_execution_engine[0m[2m:[0m executor multi-lane eligible_lanes=2 unique_hashes=2
[2m2026-03-17T08:21:21.671341Z[0m [32m INFO[0m [2mservice_mango_execution_engine[0m[2m:[0m executor sent multi-lane lanes=2 sequence=1 queue_count=2 tx=3KpyWsJ8tisbfj4mX9RVsrRfYFkVrsUJYYoNqSuVo6XuGbbThoXtPkimvVXSZjfFvdTeJktPQ4HFLe3ymXpkHart
[2m2026-03-17T08:21:21.673660Z[0m [34mDEBUG[0m [2mservice_mango_execution_engine[0m[2m:[0m executor head hash unavailable: queue_count=2 next_sequence=1 max_seen_sequence=3 reason=ctm_gap_or_empty_slot ctm_count=2 liquidity_count=0 ctm_sequence=0 ctm_kind=0 ctm_status=0 fallback=gap_speculative lanes=2
[2m2026-03-17T08:21:21.673705Z[0m [32m INFO[0m [2mservice_mango_execution_engine[0m[2m:[0m executor multi-lane eligible_lanes=2 unique_hashes=2
[2m2026-03-17T08:21:21.748128Z[0m [32m INFO[0m [2mservice_mango_execution_engine[0m[2m:[0m executor sent multi-lane lanes=2 sequence=1 queue_count=2 tx=2PaMhPEPvYLsK2zq9pdSWjhfbkX6Df2WAd16VBYmArkC1BEFXoVX8gmRdWBg5sF5RbfswSi6hWvBfkazm6CwkicR
[2m2026-03-17T08:21:21.750453Z[0m [34mDEBUG[0m [2mservice_mango_execution_engine[0m[2m:[0m executor head hash unavailable: queue_count=2 next_sequence=1 max_seen_sequence=3 reason=ctm_gap_or_empty_slot ctm_count=2 liquidity_count=0 ctm_sequence=0 ctm_kind=0 ctm_status=0 fallback=gap_speculative lanes=2
[2m2026-03-17T08:21:21.750494Z[0m [32m INFO[0m [2mservice_mango_execution_engine[0m[2m:[0m executor multi-lane eligible_lanes=2 unique_hashes=2
[2m2026-03-17T08:21:21.806315Z[0m [32m INFO[0m [2mservice_mango_execution_engine[0m[2m:[0m executor sent multi-lane lanes=2 sequence=1 queue_count=2 tx=5WoQ5X52WAN3Z7fqvwHXbtqTW9bJ8QrVmoRMWftr1MtaEsV72fZP44ZncMaYDN6YnCNQuy4PoKufC7PBoWWp3VVT
[2m2026-03-17T08:21:21.808696Z[0m [34mDEBUG[0m [2mservice_mango_execution_engine[0m[2m:[0m executor head hash unavailable: queue_count=2 next_sequence=1 max_seen_sequence=3 reason=ctm_gap_or_empty_slot ctm_count=2 liquidity_count=0 ctm_sequence=0 ctm_kind=0 ctm_status=0 fallback=gap_speculative lanes=2
[2m2026-03-17T08:21:21.808736Z[0m [32m INFO[0m [2mservice_mango_execution_engine[0m[2m:[0m executor multi-lane eligible_lanes=2 unique_hashes=2
[2m2026-03-17T08:21:21.848907Z[0m [32m INFO[0m [2mservice_mango_execution_engine[0m[2m:[0m executor sent multi-lane lanes=2 sequence=1 queue_count=2 tx=23hbwMXN16mVkGwtgGMS8uYgCWdq7pbU2X7Ev7tnpR6XkhxdhdmfN49QQHiL15ijcWQAH1pvNYu1CkZwJ5CyXZNu
[2m2026-03-17T08:21:21.851228Z[0m [34mDEBUG[0m [2mservice_mango_execution_engine[0m[2m:[0m executor head hash unavailable: queue_count=2 next_sequence=1 max_seen_sequence=3 reason=ctm_gap_or_empty_slot ctm_count=2 liquidity_count=0 ctm_sequence=0 ctm_kind=0 ctm_status=0 fallback=gap_speculative lanes=2
[2m2026-03-17T08:21:21.851265Z[0m [32m INFO[0m [2mservice_mango_execution_engine[0m[2m:[0m executor multi-lane eligible_lanes=2 unique_hashes=2
[2m2026-03-17T08:21:21.895315Z[0m [32m INFO[0m [2mservice_mango_execution_engine[0m[2m:[0m executor sent multi-lane lanes=2 sequence=1 queue_count=2 tx=4MF1upzGhmUTJ7xvs8tcUQirWRoKqKE27dRxVoxey2ir2W1LKBXmD7RTmPxADHvc6sDtn3gZzNrXY5PVzDx6n7Dy
[2m2026-03-17T08:21:21.897640Z[0m [34mDEBUG[0m [2mservice_mango_execution_engine[0m[2m:[0m executor head hash unavailable: queue_count=2 next_sequence=1 max_seen_sequence=3 reason=ctm_gap_or_empty_slot ctm_count=2 liquidity_count=0 ctm_sequence=0 ctm_kind=0 ctm_status=0 fallback=gap_speculative lanes=2
[2m2026-03-17T08:21:21.897694Z[0m [32m INFO[0m [2mservice_mango_execution_engine[0m[2m:[0m executor multi-lane eligible_lanes=2 unique_hashes=2
[2m2026-03-17T08:21:21.936526Z[0m [32m INFO[0m [2mservice_mango_execution_engine[0m[2m:[0m executor sent multi-lane lanes=2 sequence=1 queue_count=2 tx=4odQQLy9pqnPCqs4vEB4RjMgsneuotBNsMxCgsmsxEiazbzQv7PSJkNEaRA2cwa2i2fgQ1qgACa4n21CbAWAAp1P
[2m2026-03-17T08:21:21.938113Z[0m [34mDEBUG[0m [2mservice_mango_execution_engine[0m[2m:[0m executor head hash unavailable: queue_count=2 next_sequence=1 max_seen_sequence=3 reason=ctm_gap_or_empty_slot ctm_count=2 liquidity_count=0 ctm_sequence=0 ctm_kind=0 ctm_status=0 fallback=gap_speculative lanes=2
[2m2026-03-17T08:21:21.938153Z[0m [32m INFO[0m [2mservice_mango_execution_engine[0m[2m:[0m executor multi-lane eligible_lanes=2 unique_hashes=2
[2m2026-03-17T08:21:21.996623Z[0m [32m INFO[0m [2mservice_mango_execution_engine[0m[2m:[0m executor sent multi-lane lanes=2 sequence=1 queue_count=2 tx=5VpTF2PVtvZr4v9F1ZM1LuCTjYcavNuazfHzkczWn2nEsM4ZSLnmktTfLyH7PTgksa3vZCAFa1pRahdoaUV75zKw
[2m2026-03-17T08:21:21.999022Z[0m [34mDEBUG[0m [2mservice_mango_execution_engine[0m[2m:[0m executor head hash unavailable: queue_count=2 next_sequence=1 max_seen_sequence=3 reason=ctm_gap_or_empty_slot ctm_count=2 liquidity_count=0 ctm_sequence=0 ctm_kind=0 ctm_status=0 fallback=gap_speculative lanes=2
[2m2026-03-17T08:21:21.999090Z[0m [32m INFO[0m [2mservice_mango_execution_engine[0m[2m:[0m executor multi-lane eligible_lanes=2 unique_hashes=2
[2m2026-03-17T08:21:22.038565Z[0m [32m INFO[0m [2mservice_mango_execution_engine[0m[2m:[0m executor sent multi-lane lanes=2 sequence=1 queue_count=2 tx=2ZetiosWWyFyXUhwzqobEtVe88At5Gn9tWeMcrjrCi3zRGrFqqT4VNVSzPMAVCFoZVuJStUAG7fUG3Afsv4DGkSN
[2m2026-03-17T08:21:22.098991Z[0m [34mDEBUG[0m [2mservice_mango_execution_engine[0m[2m:[0m executor head hash unavailable: queue_count=2 next_sequence=1 max_seen_sequence=3 reason=ctm_gap_or_empty_slot ctm_count=2 liquidity_count=0 ctm_sequence=0 ctm_kind=0 ctm_status=0 fallback=gap_speculative lanes=2
[2m2026-03-17T08:21:22.099044Z[0m [32m INFO[0m [2mservice_mango_execution_engine[0m[2m:[0m executor multi-lane eligible_lanes=2 unique_hashes=2
[2m2026-03-17T08:21:22.139391Z[0m [32m INFO[0m [2mservice_mango_execution_engine[0m[2m:[0m executor sent multi-lane lanes=2 sequence=1 queue_count=2 tx=XFXzDPypb3mrwLT5FvGN48YnD4Vg7gTzTtfc631cUtdXgcrAJ3ezC2SGkC5vBJMASYjBAFW1dNX3s6NfJSy1pY2
[2m2026-03-17T08:21:22.142545Z[0m [34mDEBUG[0m [2mservice_mango_execution_engine[0m[2m:[0m executor head hash unavailable: queue_count=2 next_sequence=1 max_seen_sequence=3 reason=ctm_gap_or_empty_slot ctm_count=2 liquidity_count=0 ctm_sequence=0 ctm_kind=0 ctm_status=0 fallback=gap_speculative lanes=2
[2m2026-03-17T08:21:22.142580Z[0m [32m INFO[0m [2mservice_mango_execution_engine[0m[2m:[0m executor multi-lane eligible_lanes=2 unique_hashes=2
[2m2026-03-17T08:21:22.209148Z[0m [32m INFO[0m [2mservice_mango_execution_engine[0m[2m:[0m executor sent multi-lane lanes=2 sequence=1 queue_count=2 tx=2AmnEMfZYVUG4cCrcFUJjDFbMpgSQ6SxCSjrRGo8XemGRPRXMGcZuapsGS1VNkEhgEuZDcbH28DB7U2P1qxfkZJo
[2m2026-03-17T08:21:22.211546Z[0m [34mDEBUG[0m [2mservice_mango_execution_engine[0m[2m:[0m executor head hash unavailable: queue_count=2 next_sequence=1 max_seen_sequence=3 reason=ctm_gap_or_empty_slot ctm_count=2 liquidity_count=0 ctm_sequence=0 ctm_kind=0 ctm_status=0 fallback=gap_speculative lanes=2
[2m2026-03-17T08:21:22.211591Z[0m [32m INFO[0m [2mservice_mango_execution_engine[0m[2m:[0m executor multi-lane eligible_lanes=2 unique_hashes=2
[2m2026-03-17T08:21:22.272503Z[0m [32m INFO[0m [2mservice_mango_execution_engine[0m[2m:[0m executor sent multi-lane lanes=2 sequence=1 queue_count=2 tx=CPbqXsmrmriggRSNdQUC3FE8ic3X6VnzTvHXJVpjgWkmPhegPc99HgJS6pQZ8DzFWY5nBS5t9YMNgcLPr5U7qqC
[2m2026-03-17T08:21:22.275149Z[0m [34mDEBUG[0m [2mservice_mango_execution_engine[0m[2m:[0m executor head hash unavailable: queue_count=2 next_sequence=1 max_seen_sequence=3 reason=ctm_gap_or_empty_slot ctm_count=2 liquidity_count=0 ctm_sequence=0 ctm_kind=0 ctm_status=0 fallback=gap_speculative lanes=2
[2m2026-03-17T08:21:22.275188Z[0m [32m INFO[0m [2mservice_mango_execution_engine[0m[2m:[0m executor multi-lane eligible_lanes=2 unique_hashes=2
[2m2026-03-17T08:21:22.314067Z[0m [32m INFO[0m [2mservice_mango_execution_engine[0m[2m:[0m executor sent multi-lane lanes=2 sequence=1 queue_count=2 tx=57MbZetNWXUdVNVB8vUJ6wFjpZyN5wvZGb4y5Bxpf9wea3iH3ko1HLSc7vhfPSFSdDDDtiQF4iogSg5BFR1i7LDi
[2m2026-03-17T08:21:22.316406Z[0m [34mDEBUG[0m [2mservice_mango_execution_engine[0m[2m:[0m executor head hash unavailable: queue_count=2 next_sequence=1 max_seen_sequence=3 reason=ctm_gap_or_empty_slot ctm_count=2 liquidity_count=0 ctm_sequence=0 ctm_kind=0 ctm_status=0 fallback=gap_speculative lanes=2
[2m2026-03-17T08:21:22.316447Z[0m [32m INFO[0m [2mservice_mango_execution_engine[0m[2m:[0m executor multi-lane eligible_lanes=2 unique_hashes=2
[2m2026-03-17T08:21:22.359854Z[0m [32m INFO[0m [2mservice_mango_execution_engine[0m[2m:[0m executor sent multi-lane lanes=2 sequence=1 queue_count=2 tx=3JzDxmQRCUsJW7NQANRuktBSscNAA8aaVrP3MprdYg1C4jwUAGJtL2yUdiEM6sEpPRpbU1iYiFsL36QVWsGhqu2d
[2m2026-03-17T08:21:22.362106Z[0m [34mDEBUG[0m [2mservice_mango_execution_engine[0m[2m:[0m executor head hash unavailable: queue_count=2 next_sequence=1 max_seen_sequence=3 reason=ctm_gap_or_empty_slot ctm_count=2 liquidity_count=0 ctm_sequence=0 ctm_kind=0 ctm_status=0 fallback=gap_speculative lanes=2
[2m2026-03-17T08:21:22.362145Z[0m [32m INFO[0m [2mservice_mango_execution_engine[0m[2m:[0m executor multi-lane eligible_lanes=2 unique_hashes=2
[2m2026-03-17T08:21:22.408280Z[0m [32m INFO[0m [2mservice_mango_execution_engine[0m[2m:[0m executor sent multi-lane lanes=2 sequence=1 queue_count=2 tx=5uswy6usgXSKVMff7ehP4c33jvedc4wGsM2fQnrgNoLH922T2pacrVYjmt8RzqHPYEA67AP174rdiVShBfrg5sbZ
[2m2026-03-17T08:21:22.410995Z[0m [34mDEBUG[0m [2mservice_mango_execution_engine[0m[2m:[0m executor head hash unavailable: queue_count=2 next_sequence=1 max_seen_sequence=3 reason=ctm_gap_or_empty_slot ctm_count=2 liquidity_count=0 ctm_sequence=0 ctm_kind=0 ctm_status=0 fallback=gap_speculative lanes=2
[2m2026-03-17T08:21:22.411033Z[0m [32m INFO[0m [2mservice_mango_execution_engine[0m[2m:[0m executor multi-lane eligible_lanes=2 unique_hashes=2
[2m2026-03-17T08:21:22.452906Z[0m [32m INFO[0m [2mservice_mango_execution_engine[0m[2m:[0m executor sent multi-lane lanes=2 sequence=1 queue_count=2 tx=3bqiMA3eT8j3A2E5dAtHGcgwhHTRmrEPHqs7Sf21DFeEcRarSr43zY5XkiDmPbYnoGDzH1AfUtpRVpgp6oJxQBgb
[2m2026-03-17T08:21:22.456117Z[0m [34mDEBUG[0m [2mservice_mango_execution_engine[0m[2m:[0m executor head hash unavailable: queue_count=2 next_sequence=1 max_seen_sequence=3 reason=ctm_gap_or_empty_slot ctm_count=2 liquidity_count=0 ctm_sequence=0 ctm_kind=0 ctm_status=0 fallback=gap_speculative lanes=2
[2m2026-03-17T08:21:22.456165Z[0m [32m INFO[0m [2mservice_mango_execution_engine[0m[2m:[0m executor multi-lane eligible_lanes=2 unique_hashes=2
[2m2026-03-17T08:21:22.497005Z[0m [32m INFO[0m [2mservice_mango_execution_engine[0m[2m:[0m executor sent multi-lane lanes=2 sequence=1 queue_count=2 tx=4odKNnjWTacJ2CYWv7Jhj8eyxnuLb7WT4cDehc5V8fJvxfiTUSjjXyFztmGjfdZVZgpUvp4y7tfnvxfdnmB1R9wp
[2m2026-03-17T08:21:22.499353Z[0m [34mDEBUG[0m [2mservice_mango_execution_engine[0m[2m:[0m executor head hash unavailable: queue_count=2 next_sequence=1 max_seen_sequence=3 reason=ctm_gap_or_empty_slot ctm_count=2 liquidity_count=0 ctm_sequence=0 ctm_kind=0 ctm_status=0 fallback=gap_speculative lanes=2
[2m2026-03-17T08:21:22.499386Z[0m [32m INFO[0m [2mservice_mango_execution_engine[0m[2m:[0m executor multi-lane eligible_lanes=2 unique_hashes=2
[2m2026-03-17T08:21:22.576309Z[0m [32m INFO[0m [2mservice_mango_execution_engine[0m[2m:[0m executor sent multi-lane lanes=2 sequence=1 queue_count=2 tx=5HjxpiE3mBe6PSdoMNMKC43pBabPzhJcZK1wnwEojK1yxTVsWtrjNcTs5vNbZCqWNXAaxNkzx6c3pLZ7FWDzZiTJ
